FAIL tests/services/accounting.service.test.ts (34.047 s)
  AccountingService
    initializeDefaultCoA
      ΓêÜ should not initialize if accounts already exist (5 ms)
      ΓêÜ should create default accounts and journals if none exist (2 ms)
    getAccounts (Balance Calculation)
      ΓêÜ should calculate recursive balances for parent accounts (2 ms)
    createJournalEntry
      ├ù should throw error if debits and credits do not match (103 ms)
      ΓêÜ should create entry if balanced (2 ms)
    suggestMatches (Bank Reconciliation)
      ├ù should find items matching amount and date tolerance (1 ms)

  ΓùÅ AccountingService ΓÇ║ createJournalEntry ΓÇ║ should throw error if debits and credits do not match

    expect(received).rejects.toThrow(expected)

    Expected pattern: /Debits \(100\) must equal Credits \(50\)/
    Received message: "Unbalanced Journal Entry: Debits (100) do not equal Credits (50)"

          122 |
          123 |         if (Math.abs(totalDebit - totalCredit) > 0.01) {
        > 124 |             throw new Error(`Unbalanced Journal Entry: Debits (${totalDebit}) do not equal Credits (${totalCredit})`);
              |                   ^
          125 |         }
          126 |
          127 |         // 2. Create entry and items in transaction

      at AccountingService.createJournalEntry (src/services/accounting.service.ts:124:19)
      at Object.<anonymous> (tests/services/accounting.service.test.ts:95:34)
      at Object.toThrow (node_modules/expect/build/index.js:218:22)
      at Object.<anonymous> (tests/services/accounting.service.test.ts:96:26)

  ΓùÅ AccountingService ΓÇ║ suggestMatches (Bank Reconciliation) ΓÇ║ should find items matching amount and date tolerance

    TypeError: database_1.default.bankStatementLine.findUnique is not a function

      386 |      */
      387 |     async suggestMatches(lineId: string) {
    > 388 |         const line = await prisma.bankStatementLine.findUnique({
          |                                                     ^
      389 |             where: { id: lineId }
      390 |         });
      391 |

      at AccountingService.suggestMatches (src/services/accounting.service.ts:388:53)
      at Object.<anonymous> (tests/services/accounting.service.test.ts:135:43)

Test Suites: 1 failed, 1 total
Tests:       2 failed, 4 passed, 6 total
Snapshots:   0 total
Time:        34.693 s
Ran all test suites matching /tests\\services\\accounting.service.test.ts/i.
