src/controllers/admin.controller.ts(12,9): error TS2322: Type '{ branches: { select: { id: true; name: true; code: true; active: true; }; }; _count: { select: { learners: true; branches: true; }; }; subscriptions: { where: { status: string; }; take: number; orderBy: { expiresAt: string; }; include: { ...; }; }; }' is not assignable to type 'never'.
src/controllers/admin.controller.ts(32,34): error TS2339: Property 'subscriptionPlan' does not exist on type 'PrismaClient<{ log: "error"[]; }, never, DefaultArgs>'.
src/controllers/admin.controller.ts(65,33): error TS2339: Property 'subscriptionPlan' does not exist on type 'PrismaClient<{ log: "error"[]; }, never, DefaultArgs>'.
src/controllers/admin.controller.ts(71,32): error TS2339: Property 'schoolSubscription' does not exist on type 'PrismaClient<{ log: "error"[]; }, never, DefaultArgs>'.
src/controllers/admin.controller.ts(82,56): error TS2353: Object literal may only specify known properties, and 'trialStart' does not exist in type '(Without<SchoolUpdateInput, SchoolUncheckedUpdateInput> & SchoolUncheckedUpdateInput) | (Without<...> & SchoolUpdateInput)'.
src/controllers/admin.controller.ts(118,32): error TS2339: Property 'schoolSubscription' does not exist on type 'PrismaClient<{ log: "error"[]; }, never, DefaultArgs>'.
src/controllers/admin.controller.ts(151,32): error TS2339: Property 'schoolSubscription' does not exist on type 'PrismaClient<{ log: "error"[]; }, never, DefaultArgs>'.
src/controllers/admin.controller.ts(158,33): error TS2339: Property 'subscriptionPlan' does not exist on type 'PrismaClient<{ log: "error"[]; }, never, DefaultArgs>'.
src/controllers/admin.controller.ts(164,36): error TS2339: Property 'subscriptionPlan' does not exist on type 'PrismaClient<{ log: "error"[]; }, never, DefaultArgs>'.
src/controllers/admin.controller.ts(190,9): error TS2353: Object literal may only specify known properties, and 'schoolId' does not exist in type 'User'.
src/controllers/admin.controller.ts(271,9): error TS2353: Object literal may only specify known properties, and 'planId' does not exist in type 'SchoolProvisioningData'.
src/controllers/admin.controller.ts(338,9): error TS2353: Object literal may only specify known properties, and 'exportData' does not exist in type 'DeletionOptions'.
src/controllers/admin.controller.ts(419,9): error TS2322: Type '{ _count: { select: { learners: true; users: true; branches: true; formativeAssessments: true; summativeTests: true; feeStructures: true; }; }; subscriptions: { where: { status: string; }; include: { plan: true; }; orderBy: { ...; }; take: number; }; branches: { ...; }; }' is not assignable to type 'never'.
src/controllers/admin.controller.ts(463,50): error TS2339: Property 'expiresAt' does not exist on type 'never'.
src/controllers/admin.controller.ts(474,30): error TS2339: Property 'trialDays' does not exist on type '{ _count: { formativeAssessments: number; learners: number; users: number; summativeTests: number; branches: number; feeStructures: number; }; branches: never; subscriptions: never; } & { principalName: string | null; ... 34 more ...; customGradingScale: JsonValue; }'.
src/controllers/admin.controller.ts(479,38): error TS2339: Property 'plan' does not exist on type 'never'.
src/controllers/admin.controller.ts(480,40): error TS2339: Property 'status' does not exist on type 'never'.
src/controllers/admin.controller.ts(481,43): error TS2339: Property 'expiresAt' does not exist on type 'never'.
src/controllers/admin.controller.ts(506,18): error TS2353: Object literal may only specify known properties, and 'schoolId' does not exist in type 'CommunicationConfigWhereUniqueInput'.
src/controllers/admin.controller.ts(544,18): error TS2353: Object literal may only specify known properties, and 'schoolId' does not exist in type 'CommunicationConfigWhereUniqueInput'.
src/controllers/book.controller.ts(18,36): error TS2339: Property 'schoolId' does not exist on type '{ userId: string; email: string; role: Role; }'.
src/controllers/book.controller.ts(55,36): error TS2339: Property 'schoolId' does not exist on type '{ userId: string; email: string; role: Role; }'.
src/controllers/book.controller.ts(68,17): error TS2353: Object literal may only specify known properties, and 'schoolId' does not exist in type '(Without<BookCreateInput, BookUncheckedCreateInput> & BookUncheckedCreateInput) | (Without<...> & BookCreateInput)'.
src/controllers/book.controller.ts(83,36): error TS2339: Property 'schoolId' does not exist on type '{ userId: string; email: string; role: Role; }'.
src/controllers/book.controller.ts(88,27): error TS2339: Property 'schoolId' does not exist on type '{ id: string; createdAt: Date; updatedAt: Date; status: string; title: string; category: string | null; assignedToId: string | null; author: string | null; isbn: string | null; assignedAt: Date | null; returnDate: Date | null; }'.
src/controllers/book.controller.ts(109,36): error TS2339: Property 'schoolId' does not exist on type '{ userId: string; email: string; role: Role; }'.
src/controllers/book.controller.ts(113,27): error TS2339: Property 'schoolId' does not exist on type '{ id: string; createdAt: Date; updatedAt: Date; status: string; title: string; category: string | null; assignedToId: string | null; author: string | null; isbn: string | null; assignedAt: Date | null; returnDate: Date | null; }'.
src/controllers/book.controller.ts(118,39): error TS2339: Property 'schoolId' does not exist on type '{ firstName: string; lastName: string; middleName: string | null; role: UserRole; id: string; archived: boolean; archivedAt: Date | null; archivedBy: string | null; createdAt: Date; ... 29 more ...; joinedAt: Date | null; }'.
src/controllers/book.controller.ts(143,36): error TS2339: Property 'schoolId' does not exist on type '{ userId: string; email: string; role: Role; }'.
src/controllers/book.controller.ts(147,27): error TS2339: Property 'schoolId' does not exist on type '{ id: string; createdAt: Date; updatedAt: Date; status: string; title: string; category: string | null; assignedToId: string | null; author: string | null; isbn: string | null; assignedAt: Date | null; returnDate: Date | null; }'.
src/controllers/book.controller.ts(173,36): error TS2339: Property 'schoolId' does not exist on type '{ userId: string; email: string; role: Role; }'.
src/controllers/book.controller.ts(177,27): error TS2339: Property 'schoolId' does not exist on type '{ id: string; createdAt: Date; updatedAt: Date; status: string; title: string; category: string | null; assignedToId: string | null; author: string | null; isbn: string | null; assignedAt: Date | null; returnDate: Date | null; }'.
src/controllers/broadcast.controller.ts(25,65): error TS2339: Property 'schoolId' does not exist on type '{ userId: string; email: string; role: Role; }'.
src/controllers/broadcast.controller.ts(110,65): error TS2339: Property 'schoolId' does not exist on type '{ userId: string; email: string; role: Role; }'.
src/controllers/broadcast.controller.ts(164,65): error TS2339: Property 'schoolId' does not exist on type '{ userId: string; email: string; role: Role; }'.
src/controllers/broadcast.controller.ts(210,65): error TS2339: Property 'schoolId' does not exist on type '{ userId: string; email: string; role: Role; }'.
src/controllers/broadcast.controller.ts(291,65): error TS2339: Property 'schoolId' does not exist on type '{ userId: string; email: string; role: Role; }'.
src/controllers/broadcast.controller.ts(340,65): error TS2339: Property 'schoolId' does not exist on type '{ userId: string; email: string; role: Role; }'.
src/controllers/communication.controller.ts(24,22): error TS2353: Object literal may only specify known properties, and 'schoolId' does not exist in type 'CommunicationConfigWhereUniqueInput'.
src/controllers/communication.controller.ts(60,34): error TS2339: Property 'schoolId' does not exist on type '{ id: string; createdAt: Date; updatedAt: Date; smsProvider: string | null; smsApiKey: string | null; smsBaseUrl: string | null; smsSenderId: string | null; smsEnabled: boolean; ... 18 more ...; smsUsername: string | null; }'.
src/controllers/communication.controller.ts(203,22): error TS2353: Object literal may only specify known properties, and 'schoolId' does not exist in type 'CommunicationConfigWhereUniqueInput'.
src/controllers/communication.controller.ts(210,37): error TS2554: Expected 0 arguments, but got 1.
src/controllers/communication.controller.ts(217,34): error TS2339: Property 'schoolId' does not exist on type '{ id: string; createdAt: Date; updatedAt: Date; smsProvider: string | null; smsApiKey: string | null; smsBaseUrl: string | null; smsSenderId: string | null; smsEnabled: boolean; ... 18 more ...; smsUsername: string | null; }'.
src/controllers/communication.controller.ts(259,72): error TS2554: Expected 2 arguments, but got 3.
src/controllers/communication.controller.ts(329,17): error TS2353: Object literal may only specify known properties, and 'schoolId' does not exist in type 'OnboardingEmailData'.
src/controllers/communication.controller.ts(338,17): error TS2353: Object literal may only specify known properties, and 'schoolId' does not exist in type 'WelcomeEmailData'.
src/controllers/communication.controller.ts(375,22): error TS2353: Object literal may only specify known properties, and 'schoolId' does not exist in type 'LearnerWhereInput'.
src/controllers/communication.controller.ts(433,17): error TS2353: Object literal may only specify known properties, and 'schoolId' does not exist in type 'LearnerWhereInput'.
src/controllers/communication.controller.ts(522,78): error TS2554: Expected 2 arguments, but got 3.
src/controllers/communication.controller.ts(558,36): error TS2339: Property 'schoolId' does not exist on type '{ userId: string; email: string; role: Role; }'.
src/controllers/communication.controller.ts(629,26): error TS2353: Object literal may only specify known properties, and 'schoolId' does not exist in type 'LearnerWhereInput'.
src/controllers/communication.controller.ts(659,13): error TS2322: Type '{ firstName: string; lastName: string; middleName: string | null; guardianName: string | null; fatherName: string | null; motherName: string | null; primaryContactName: string | null; ... 45 more ...; primaryContactEmail: string | null; }[]' is not assignable to type '{ firstName: string; lastName: string; guardianName: string | null; fatherName: string | null; motherName: string | null; primaryContactName: string | null; id: string; grade: Grade; ... 6 more ...; parent: { ...; } | null; }[]'.
  Property 'parent' is missing in type '{ firstName: string; lastName: string; middleName: string | null; guardianName: string | null; fatherName: string | null; motherName: string | null; primaryContactName: string | null; ... 45 more ...; primaryContactEmail: string | null; }' but required in type '{ firstName: string; lastName: string; guardianName: string | null; fatherName: string | null; motherName: string | null; primaryContactName: string | null; id: string; grade: Grade; ... 6 more ...; parent: { ...; } | null; }'.
src/controllers/communication.controller.ts(741,36): error TS2339: Property 'schoolId' does not exist on type '{ userId: string; email: string; role: Role; }'.
src/controllers/communication.controller.ts(750,17): error TS2353: Object literal may only specify known properties, and 'schoolId' does not exist in type 'UserWhereInput'.
src/controllers/communication.controller.ts(796,36): error TS2339: Property 'schoolId' does not exist on type '{ userId: string; email: string; role: Role; }'.
src/controllers/communication.controller.ts(811,17): error TS2353: Object literal may only specify known properties, and 'schoolId' does not exist in type 'Without<ContactGroupCreateInput, ContactGroupUncheckedCreateInput> & ContactGroupUncheckedCreateInput'.
src/controllers/communication.controller.ts(835,36): error TS2339: Property 'schoolId' does not exist on type '{ userId: string; email: string; role: Role; }'.
src/controllers/communication.controller.ts(842,22): error TS2353: Object literal may only specify known properties, and 'schoolId' does not exist in type 'ContactGroupWhereInput'.
src/controllers/communication.controller.ts(880,36): error TS2339: Property 'schoolId' does not exist on type '{ userId: string; email: string; role: Role; }'.
src/controllers/communication.controller.ts(898,26): error TS2353: Object literal may only specify known properties, and 'schoolId' does not exist in type 'LearnerWhereInput'.
src/controllers/communication.controller.ts(946,17): error TS2353: Object literal may only specify known properties, and 'schoolId' does not exist in type 'ContactGroupWhereInput'.
src/controllers/communication.controller.ts(983,36): error TS2339: Property 'schoolId' does not exist on type '{ userId: string; email: string; role: Role; }'.
src/controllers/communication.controller.ts(991,26): error TS2353: Object literal may only specify known properties, and 'schoolId' does not exist in type 'ContactGroupWhereInput'.
src/controllers/communication.controller.ts(1028,36): error TS2339: Property 'schoolId' does not exist on type '{ userId: string; email: string; role: Role; }'.
src/controllers/communication.controller.ts(1036,26): error TS2353: Object literal may only specify known properties, and 'schoolId' does not exist in type 'ContactGroupWhereInput'.
src/controllers/dashboard.controller.ts(13,40): error TS2339: Property 'schoolId' does not exist on type '{ userId: string; email: string; role: Role; }'.
src/controllers/dashboard.controller.ts(23,49): error TS2353: Object literal may only specify known properties, and 'schoolId' does not exist in type 'LearnerWhereInput'.
src/controllers/dashboard.controller.ts(24,46): error TS2353: Object literal may only specify known properties, and 'schoolId' does not exist in type 'UserWhereInput'.
src/controllers/dashboard.controller.ts(25,47): error TS2353: Object literal may only specify known properties, and 'branch' does not exist in type 'ClassWhereInput'.
src/controllers/dashboard.controller.ts(30,26): error TS2353: Object literal may only specify known properties, and 'schoolId' does not exist in type 'LearnerWhereInput'.
src/controllers/dashboard.controller.ts(33,26): error TS2353: Object literal may only specify known properties, and 'schoolId' does not exist in type 'UserWhereInput'.
src/controllers/dashboard.controller.ts(40,32): error TS2353: Object literal may only specify known properties, and 'schoolId' does not exist in type '(Without<LearnerRelationFilter, LearnerWhereInput> & LearnerWhereInput) | (Without<LearnerWhereInput, LearnerRelationFilter> & LearnerRelationFilter)'.
src/controllers/dashboard.controller.ts(52,17): error TS2322: Type 'true | { id?: number | undefined; learnerId?: number | undefined; classId?: number | undefined; date?: number | undefined; status?: number | undefined; remarks?: number | undefined; ... 5 more ...; _all?: number | undefined; } | undefined' is not assignable to type 'number'.
  Type 'undefined' is not assignable to type 'number'.
src/controllers/dashboard.controller.ts(60,26): error TS2353: Object literal may only specify known properties, and 'schoolId' does not exist in type 'LearnerWhereInput'.
src/controllers/dashboard.controller.ts(73,26): error TS2353: Object literal may only specify known properties, and 'schoolId' does not exist in type 'UserWhereInput'.
src/controllers/dashboard.controller.ts(86,30): error TS2353: Object literal may only specify known properties, and 'schoolId' does not exist in type 'LearnerWhereInput'.
src/controllers/dashboard.controller.ts(92,30): error TS2353: Object literal may only specify known properties, and 'schoolId' does not exist in type 'FormativeAssessmentWhereInput'.
src/controllers/dashboard.controller.ts(160,40): error TS2339: Property 'schoolId' does not exist on type '{ userId: string; email: string; role: Role; }'.
src/controllers/document.controller.ts(49,21): error TS2353: Object literal may only specify known properties, and 'schoolId' does not exist in type '(Without<DocumentCreateInput, DocumentUncheckedCreateInput> & DocumentUncheckedCreateInput) | (Without<...> & DocumentCreateInput)'.
src/controllers/document.controller.ts(112,29): error TS2353: Object literal may only specify known properties, and 'schoolId' does not exist in type '(Without<DocumentCreateInput, DocumentUncheckedCreateInput> & DocumentUncheckedCreateInput) | (Without<...> & DocumentCreateInput)'.
src/controllers/document.controller.ts(228,21): error TS2353: Object literal may only specify known properties, and 'schoolId' does not exist in type 'DocumentWhereInput'.
src/controllers/document.controller.ts(281,21): error TS2353: Object literal may only specify known properties, and 'schoolId' does not exist in type 'DocumentWhereInput'.
src/controllers/document.controller.ts(335,21): error TS2353: Object literal may only specify known properties, and 'schoolId' does not exist in type 'DocumentWhereInput'.
src/controllers/document.controller.ts(384,26): error TS2353: Object literal may only specify known properties, and 'schoolId' does not exist in type 'DocumentWhereInput'.
src/controllers/learningArea.controller.ts(18,64): error TS2339: Property 'schoolId' does not exist on type '{ userId: string; email: string; role: Role; }'.
src/controllers/learningArea.controller.ts(21,55): error TS2339: Property 'schoolId' does not exist on type '{ userId: string; email: string; role: Role; }'.
src/controllers/learningArea.controller.ts(22,27): error TS2339: Property 'schoolId' does not exist on type '{ userId: string; email: string; role: Role; }'.
src/controllers/learningArea.controller.ts(32,13): error TS2353: Object literal may only specify known properties, and 'schoolId' does not exist in type 'LearningAreaWhereInput'.
src/controllers/learningArea.controller.ts(33,13): error TS2353: Object literal may only specify known properties, and 'schoolId' does not exist in type 'LearningAreaWhereInput'.
src/controllers/learningArea.controller.ts(66,55): error TS2339: Property 'schoolId' does not exist on type '{ userId: string; email: string; role: Role; }'.
src/controllers/learningArea.controller.ts(66,80): error TS2339: Property 'schoolId' does not exist on type '{ id: string; name: string; createdAt: Date; updatedAt: Date; color: string; description: string | null; shortName: string | null; gradeLevel: string; icon: string; }'.
src/controllers/learningArea.controller.ts(66,105): error TS2339: Property 'schoolId' does not exist on type '{ id: string; name: string; createdAt: Date; updatedAt: Date; color: string; description: string | null; shortName: string | null; gradeLevel: string; icon: string; }'.
src/controllers/learningArea.controller.ts(66,127): error TS2339: Property 'schoolId' does not exist on type '{ userId: string; email: string; role: Role; }'.
src/controllers/learningArea.controller.ts(84,32): error TS2339: Property 'schoolId' does not exist on type '{ userId: string; email: string; role: Role; }'.
src/controllers/learningArea.controller.ts(94,9): error TS2353: Object literal may only specify known properties, and 'schoolId' does not exist in type 'LearningAreaWhereInput'.
src/controllers/learningArea.controller.ts(110,9): error TS2353: Object literal may only specify known properties, and 'schoolId' does not exist in type '(Without<LearningAreaCreateInput, LearningAreaUncheckedCreateInput> & LearningAreaUncheckedCreateInput) | (Without<...> & LearningAreaCreateInput)'.
src/controllers/learningArea.controller.ts(139,55): error TS2339: Property 'schoolId' does not exist on type '{ userId: string; email: string; role: Role; }'.
src/controllers/learningArea.controller.ts(139,80): error TS2339: Property 'schoolId' does not exist on type '{ id: string; name: string; createdAt: Date; updatedAt: Date; color: string; description: string | null; shortName: string | null; gradeLevel: string; icon: string; }'.
src/controllers/learningArea.controller.ts(139,102): error TS2339: Property 'schoolId' does not exist on type '{ userId: string; email: string; role: Role; }'.
src/controllers/learningArea.controller.ts(148,11): error TS2353: Object literal may only specify known properties, and 'schoolId' does not exist in type 'LearningAreaWhereInput'.
src/controllers/learningArea.controller.ts(148,34): error TS2339: Property 'schoolId' does not exist on type '{ id: string; name: string; createdAt: Date; updatedAt: Date; color: string; description: string | null; shortName: string | null; gradeLevel: string; icon: string; }'.
src/controllers/learningArea.controller.ts(194,55): error TS2339: Property 'schoolId' does not exist on type '{ userId: string; email: string; role: Role; }'.
src/controllers/learningArea.controller.ts(194,80): error TS2339: Property 'schoolId' does not exist on type '{ id: string; name: string; createdAt: Date; updatedAt: Date; color: string; description: string | null; shortName: string | null; gradeLevel: string; icon: string; }'.
src/controllers/learningArea.controller.ts(194,102): error TS2339: Property 'schoolId' does not exist on type '{ userId: string; email: string; role: Role; }'.
src/controllers/learningArea.controller.ts(215,32): error TS2339: Property 'schoolId' does not exist on type '{ userId: string; email: string; role: Role; }'.
src/controllers/learningArea.controller.ts(263,13): error TS2353: Object literal may only specify known properties, and 'schoolId' does not exist in type 'LearningAreaWhereInput'.
src/controllers/learningArea.controller.ts(299,13): error TS2353: Object literal may only specify known properties, and 'schoolId' does not exist in type '(Without<LearningAreaCreateInput, LearningAreaUncheckedCreateInput> & LearningAreaUncheckedCreateInput) | (Without<...> & LearningAreaCreateInput)'.
src/controllers/planner.controller.ts(12,36): error TS2339: Property 'schoolId' does not exist on type '{ userId: string; email: string; role: Role; }'.
src/controllers/planner.controller.ts(53,36): error TS2339: Property 'schoolId' does not exist on type '{ userId: string; email: string; role: Role; }'.
src/controllers/planner.controller.ts(77,17): error TS2353: Object literal may only specify known properties, and 'schoolId' does not exist in type 'Without<EventCreateInput, EventUncheckedCreateInput> & EventUncheckedCreateInput'.
src/controllers/planner.controller.ts(90,36): error TS2339: Property 'schoolId' does not exist on type '{ userId: string; email: string; role: Role; }'.
src/controllers/planner.controller.ts(96,27): error TS2339: Property 'schoolId' does not exist on type '{ id: string; createdAt: Date; updatedAt: Date; title: string; location: string | null; type: EventType; description: string | null; startDate: Date; endDate: Date; allDay: boolean; googleEventId: string | null; meetingLink: string | null; creatorId: string; }'.
src/controllers/planner.controller.ts(120,36): error TS2339: Property 'schoolId' does not exist on type '{ userId: string; email: string; role: Role; }'.
src/controllers/planner.controller.ts(125,27): error TS2339: Property 'schoolId' does not exist on type '{ id: string; createdAt: Date; updatedAt: Date; title: string; location: string | null; type: EventType; description: string | null; startDate: Date; endDate: Date; allDay: boolean; googleEventId: string | null; meetingLink: string | null; creatorId: string; }'.
